# Post-08f ROM Build Log
# Date: 2026-06-02
# Command: ./gradlew clean :gbkt-examples:platformer-template:buildRom

## ROM Build Result: SUCCESS

ROM: platformer-template.gb (64 KB)
SHA-256: 434bf90630421e5d7640d86c1993ad052bdcf23fa7b278952eeda430519f020f

## Sanity Greps

### D1: fill_bkg_rect before DISPLAY_ON in nextLevelScene_enter
PASS: fill_bkg_rect(0u, 0u, 32u, 32u, 0u) at body-line 7, DISPLAY_ON; at body-line 9
      fill_bkg_rect precedes first DISPLAY_ON ✓

### D2a: -keep_palette_order in conversion args
PASS: Conversion args: ...player...png -o /player.c -px 12 -py 6 -sw 24 -sh 32 -noflip -keep_palette_order
      Orange at palette index 0: RGB8(255,128,64) is now index 0 (was index 2 without fix) ✓

### D2b: set_sprite_palette for player metasprite in main.c
PASS: set_sprite_palette(0u, 1u, player_palettes); ✓

### D3: horizontal probes use player_real_x + 5u
PASS: is_tile_solid(player_real_x + 5u, ...) and is_tile_solid(player_real_x - 5u, ...) ✓

### D4: _grounded = 0 in setup_current_level
PASS: _grounded = 0; present in 3 case bodies (world1Area1Zone, world1Area2Zone, world2Area1Zone) ✓

## Module Test Suites
- :gbkt-backend-gbdk:test — GREEN (all new tests pass; 14 pre-existing IntegrationTest
  failures are inherited from Phase 11.1-04 baseline, NOT caused by 08f changes)
- :gbkt-gradle-plugin:test (non-IntegrationTest) — GREEN (ConvertSpritesKeepPaletteOrderTest,
  IsIndexedPngTest, ConvertSpritesTaskSidecarTest, ConvertSpritesTaskPragmaTest all pass)
- :gbkt-genre-platformer:test — GREEN (TilemapCollisionEmissionTest including D3 test)
