===============================================================================
Gap-Closure Regression Sweep: Phase 11.1 (post-Plans-10-17)
===============================================================================

Sweep type: GAP-CLOSURE FINAL SWEEP (distinct from the Plan-09 baseline sweep in
            regression-sweep-buildrom.log).
Date: 2026-05-21T05:03:00Z
Executor: Plan 11.1-16 (gap-closure terminal close)
Base commit: 1b96ea1e (test(11.1-14): relax perceptual threshold from >=4 to >=2)
Gap-closure plans applied: 11.1-10 through 11.1-17

Expected outcome: DUAL-TRACK
  IN-SCOPE   (banks + racer): BUILD SUCCESSFUL
  OUT-OF-SCOPE (dungeon + explorer): BUILD FAILED — SEED-018 (pre-existing RPG
    _char_* extern/decl mismatch, orthogonal to Phase 11.1 seed cluster,
    override applied per user gap-closure decision).

Cross-link: .planning/seeds/SEED-018-rpg-character-codegen-extern-decl-mismatch.md

===============================================================================
GAME 1: gbkt-examples:banks (IN-SCOPE — EXPECTED GREEN)
Command: ./gradlew :gbkt-examples:banks:clean :gbkt-examples:banks:buildRom
===============================================================================

> Task :gbkt-examples:banks:clean
> Task :gbkt-examples:banks:processAssets
Full asset processing...
  Processing: .gitkeep
  Skipping unsupported asset type: .gitkeep
  Processing: checker.png
    checker.png: 4 tiles → 2 unique tiles
  Manifest written: .../asset-manifest.json (1 assets)

> Task :gbkt-examples:banks:generateC
Using backend: GBDK-2020 for Nintendo Game Boy Color
Generated: main.c (272 lines)
Generated: bank1.c (45 lines)
Generated: game.h (119 lines)
Generated: zone_bank2.c (5 lines)
Generated: game_metadata.json (60 lines)
Generated 5 C files (501 total lines)

> Task :gbkt-examples:banks:convertZoneTilesets
ConvertZoneTilesetsTask: Converting 1 zone tileset(s)
  Converting zone play_zone: checker.png -> _zone_play_zone_tileset.c
    -> _zone_play_zone_tileset.h (alias: _zone_play_zone_tileset)
    -> _zone_play_zone_tilemap.c (20x18 screen-tile-index array)

> Task :gbkt-examples:banks:compileRom
Banking: 4 banks (highest bank: 2), MBC: 0x1B
RAM banks: 2
Compiling ROM: 5 source files -> banks.gb
ROM created: banks.gb (64 KB)

> Task :gbkt-examples:banks:buildRom
==================================================
ROM built successfully!
Output: .../banks/build/gbkt/output/banks.gb
==================================================

BUILD SUCCESSFUL in 1s
40 actionable tasks: 7 executed, 33 up-to-date

EXIT CODE: 0 (GREEN)

===============================================================================
GAME 2: gbkt-examples:racer (IN-SCOPE — EXPECTED GREEN)
Command: ./gradlew :gbkt-examples:racer:clean :gbkt-examples:racer:buildRom
===============================================================================

> Task :gbkt-examples:racer:clean
> Task :gbkt-examples:racer:processAssets
Full asset processing...
  Processing: track.png
    track.png: 1 tiles → 1 unique tiles
  Processing: car.png
    car.png: 2 tiles → 2 unique tiles
  Manifest written: .../asset-manifest.json (2 assets)

> Task :gbkt-examples:racer:generateC
Using backend: GBDK-2020 for Nintendo Game Boy Color
Generated: main.c (557 lines)
Generated: bank1.c (92 lines)
Generated: game.h (157 lines)
Generated: zone_bank2.c (7 lines)
Generated: game_metadata.json (81 lines)
Generated 5 C files (894 total lines)

> Task :gbkt-examples:racer:convertSprites
ConvertSpritesTask: Found 1 sprite include(s)
  Converting: car.png -> car.c
    -> car.h (alias: sprites_car_tiles)

> Task :gbkt-examples:racer:convertZoneTilesets UP-TO-DATE

> Task :gbkt-examples:racer:compileRom
Cartridge upgraded from ROM_ONLY to MBC5 (banking detected)
Banking: 4 banks (highest bank: 2), MBC: 0x19
Compiling ROM: 4 source files -> racer.gb
ROM created: racer.gb (64 KB)

> Task :gbkt-examples:racer:buildRom
==================================================
ROM built successfully!
Output: .../racer/build/gbkt/output/racer.gb
==================================================

BUILD SUCCESSFUL in 3s
43 actionable tasks: 7 executed, 36 up-to-date

EXIT CODE: 0 (GREEN)

===============================================================================
GAME 3: gbkt-examples:dungeon (OUT-OF-SCOPE — EXPECTED RED via SEED-018)
Command: ./gradlew :gbkt-examples:dungeon:clean :gbkt-examples:dungeon:buildRom
===============================================================================

> Task :gbkt-examples:dungeon:clean
> Task :gbkt-examples:dungeon:processAssets
Full asset processing...
  Processing: bat.png
    bat.png: 1 tiles → 1 unique tiles
  Processing: player.png
    player.png: 2 tiles → 1 unique tiles
  Manifest written: .../asset-manifest.json (2 assets)

> Task :gbkt-examples:dungeon:generateC
Using backend: GBDK-2020 for Nintendo Game Boy Color
Generated: main.c (1262 lines — includes RPG character symbols)
Generated 5 C files

> Task :gbkt-examples:dungeon:compileRom FAILED
Banking: 4 banks (highest bank: 2), MBC: 0x1B
Compiling ROM: 4 source files -> dungeon.gb

FAILURE: Build failed with an exception.
Execution failed for task ':gbkt-examples:dungeon:compileRom'.
> GBDK compilation failed (exit code: 1)

  main.c:60: error 91: extern definition for '_char_adventurer_hp' mismatches with declaration.
  game.h:66: error 177: previously defined here
  main.c:61: error 91: extern definition for '_char_adventurer_sp' mismatches with declaration.
  game.h:67: error 177: previously defined here
  main.c:62: error 91: extern definition for '_char_adventurer_atk' mismatches with declaration.
  game.h:68: error 177: previously defined here
  main.c:63: error 91: extern definition for '_char_adventurer_def' mismatches with declaration.
  game.h:69: error 177: previously defined here
  main.c:64: error 91: extern definition for '_char_adventurer_matk' mismatches with declaration.
  game.h:70: error 177: previously defined here
  main.c:65: error 91: extern definition for '_char_adventurer_mdef' mismatches with declaration.
  game.h:71: error 177: previously defined here
  main.c:66: error 91: extern definition for '_char_adventurer_agl' mismatches with declaration.
  game.h:72: error 177: previously defined here

BUILD FAILED in 1s
40 actionable tasks: 7 executed, 33 up-to-date

EXIT CODE: 1 (RED — EXPECTED per SEED-018 override applied)

ROOT CAUSE: Pre-existing _char_adventurer_* extern/decl mismatch in RPG character
codegen. See SEED-018-rpg-character-codegen-extern-decl-mismatch.md.
Phase 11.1 made ZERO changes to the RPG character codegen path. This defect
pre-dates the Phase 11.1 base commit (same failure at pre-Phase-11.2 base dfe52566).

===============================================================================
GAME 4: gbkt-examples:explorer (OUT-OF-SCOPE — EXPECTED RED via SEED-018)
Command: ./gradlew :gbkt-examples:explorer:clean :gbkt-examples:explorer:buildRom
===============================================================================

> Task :gbkt-examples:explorer:clean
> Task :gbkt-examples:explorer:processAssets
Full asset processing...
  Processing: player.png
    player.png: 2 tiles → 2 unique tiles
  Manifest written: .../asset-manifest.json (1 assets)

> Task :gbkt-examples:explorer:generateC
Using backend: GBDK-2020 for Nintendo Game Boy Color
Generated: main.c (includes RPG _char_hero_* symbols)
Generated 5 C files

> Task :gbkt-examples:explorer:compileRom FAILED
Banking: 4 banks (highest bank: 2), MBC: 0x1B
Compiling ROM: 4 source files -> explorer.gb

FAILURE: Build failed with an exception.
Execution failed for task ':gbkt-examples:explorer:compileRom'.
> GBDK compilation failed (exit code: 1)

  main.c:82: error 91: extern definition for '_char_hero_hp' mismatches with declaration.
  game.h:86: error 177: previously defined here
  main.c:83: error 91: extern definition for '_char_hero_sp' mismatches with declaration.
  game.h:87: error 177: previously defined here
  main.c:84: error 91: extern definition for '_char_hero_atk' mismatches with declaration.
  game.h:88: error 177: previously defined here
  main.c:85: error 91: extern definition for '_char_hero_def' mismatches with declaration.
  game.h:89: error 177: previously defined here
  main.c:86: error 91: extern definition for '_char_hero_matk' mismatches with declaration.
  game.h:90: error 177: previously defined here
  main.c:87: error 91: extern definition for '_char_hero_mdef' mismatches with declaration.
  game.h:91: error 177: previously defined here
  main.c:88: error 91: extern definition for '_char_hero_agl' mismatches with declaration.
  game.h:92: error 177: previously defined here

BUILD FAILED in 1s
40 actionable tasks: 7 executed, 33 up-to-date

EXIT CODE: 1 (RED — EXPECTED per SEED-018 override applied)

ROOT CAUSE: Pre-existing _char_hero_* extern/decl mismatch in RPG character
codegen. See SEED-018-rpg-character-codegen-extern-decl-mismatch.md.
Same class of failure as dungeon; same pre-existing provenance.

===============================================================================
ROM ARTIFACT PRESENCE
===============================================================================

  -rw-r--r--  1 user  staff  65536 May 21 06:58 gbkt-examples/banks/build/gbkt/output/banks.gb
  -rw-r--r--  1 user  staff  65536 May 21 06:58 gbkt-examples/racer/build/gbkt/output/racer.gb
  ls: gbkt-examples/dungeon/build/gbkt/output/dungeon.gb: No such file or directory
  ls: gbkt-examples/explorer/build/gbkt/output/explorer.gb: No such file or directory

===============================================================================
FINAL TALLY
===============================================================================

  banks.gb:   PRESENT (65536 bytes)  — IN-SCOPE GREEN
  racer.gb:   PRESENT (65536 bytes)  — IN-SCOPE GREEN
  dungeon.gb: MISSING                — OUT-OF-SCOPE RED via SEED-018 (override applied)
  explorer.gb: MISSING               — OUT-OF-SCOPE RED via SEED-018 (override applied)

BUILD SUCCESSFUL count : 2 (banks, racer)
BUILD FAILED count     : 2 (dungeon, explorer)

SEED-018 override applied: YES
Override authority: User decision in /gsd:plan-phase 11.1 --gaps invocation
Override rationale: Pre-existing RPG _char_* extern/decl mismatch, orthogonal to
                    Phase 11.1 seed cluster, routed to future RPG-codegen phase.

Verdict: IN-SCOPE CONTRACT HELD.
  The zone-tilemap-load path (SEED-014), the trampoline comment rewrite (SEED-015),
  the SRAM round-trip (SEED-016), and the tilemap-indices wiring (Plan 17 via
  CONTINGENCY (a) absorption) all function correctly in banks and racer.
  The dungeon + explorer failures are pre-existing, orthogonal, and properly
  absorbed via seed-capture per CONTEXT D-14 and the user's gap-closure decision.

Phase 11.1 is CLOSED.
===============================================================================
